C:\Users\SHUBHAM GUPTA\AppData\Local\Programs\Python\Python36\Reddit Bot Yoda.py
C:\Users\SHUBHAM GUPTA\AppData\Local\Programs\Python\Python36\Dont tell lies.py
C:\Users\SHUBHAM GUPTA\AppData\Local\Programs\Python\Python36\pew.py
C:\Users\SHUBHAM GUPTA\AppData\Local\Programs\Python\Python36\Final youtube downloader.py
C:\Users\SHUBHAM GUPTA\AppData\Local\Programs\Python\Python36\youtube downloader.py
C:\Users\SHUBHAM GUPTA\AppData\Local\Programs\Python\Python36\check none.py
C:\Users\SHUBHAM GUPTA\AppData\Local\Programs\Python\Python36\video.py
C:\Users\SHUBHAM GUPTA\AppData\Local\Programs\Python\Python36\hell.py
C:\Users\SHUBHAM GUPTA\AppData\Local\Programs\Python\Python36\New youtube videos downloader.py
C:\Users\SHUBHAM GUPTA\AppData\Local\Programs\Python\Python36\check for list attributes in print.py
C:\Users\SHUBHAM GUPTA\AppData\Local\Programs\Python\Python36\web scrapper.py
C:\Users\SHUBHAM GUPTA\AppData\Local\Programs\Python\Python36\Lib\site-packages\praw\models\__init__.py
C:\Users\SHUBHAM GUPTA\AppData\Local\Programs\Python\Python36\Lib\site-packages\praw\models\listing\generator.py
C:\Users\SHUBHAM GUPTA\AppData\Local\Programs\Python\Python36\Lib\site-packages\praw\config.py
C:\Users\SHUBHAM GUPTA\AppData\Local\Programs\Python\Python36\Lib\site-packages\praw\reddit.py
G:\Python\game.py
C:\Users\SHUBHAM GUPTA\AppData\Local\Programs\Python\Python36\machine learning 1 class.py
G:\Python\checking multidimension list and converting it into a numpy list.py
G:\Python\experimenting with dataframe.py
G:\Python\dataframe.py
C:\Users\SHUBHAM GUPTA\Desktop\querier.py
